// Jest Snapshot v1, https://goo.gl/fbAQLP

exports[`TaskListSectionBuilder should render the first section 1`] = `
<section
  className="task-list--item-2"
>
  <div>
    <div
      className="govuk-grid-row grid-background--greyed"
    >
      <div
        className="govuk-grid-column-one-quarter govuk-!-padding-left-9"
      >
        <i
          className="icon-position--left c-icon-person"
        />
        <p
          className="govuk-body-s content-line-one govuk-!-margin-bottom-0 govuk-!-padding-left-1"
        >
          Single passenger
        </p>
        <span
          className="govuk-body-s govuk-!-margin-bottom-0 govuk-!-font-weight-bold govuk-!-padding-left-1"
        >
          <span
            className="govuk-font-weight-bold"
          >
            Passenger
             
            <span
              className="govuk-body govuk-tag govuk-tag--departureConfirmed"
            >
              DC
            </span>
          </span>
        </span>
      </div>
      <div
        className="govuk-grid-column-three-quarters govuk-!-padding-right-7 align-right"
      >
        <i
          className="c-icon-aircraft"
        />
        <p
          className="content-line-one govuk-!-padding-right-2"
        >
          British Airways, flight BA103, 
        arrival Unknown
        </p>
        <p
          className="govuk-body-s content-line-two govuk-!-padding-right-2"
        >
          <span
            className="govuk-!-font-weight-bold"
          >
            BA103
          </span>
          <span
            className="dot"
          />
          7 Aug 2020 at 18:15 (TBC)
          <span
            className="dot"
          />
          <span
            className="govuk-!-font-weight-bold"
          >
            FRA
          </span>
           →
          <span
            className="govuk-!-font-weight-bold"
          >
             
            LHR
          </span>
          <span
            className="dot"
          />
          Unknown
        </p>
      </div>
    </div>
  </div>
</section>
`;

exports[`TaskListSectionBuilder should render the fourth section 1`] = `
<section
  className="task-list--item-4"
>
  <div
    className="govuk-grid-row"
  >
    <div
      className="govuk-grid-item"
    >
      <div
        className="govuk-grid-column"
      >
        <ul
          className="govuk-list task-labels govuk-!-margin-top-2"
        >
          <li
            className="task-labels-item"
          >
            <strong
              className="govuk-!-font-weight-bold govuk-!-font-size-16"
            >
              Risk Score: 
              60
            </strong>
          </li>
        </ul>
      </div>
      <div
        className="govuk-grid-column"
      >
        <ul
          className="govuk-list task-labels govuk-!-margin-top-0"
        >
          <li
            className="task-labels-item govuk-!-font-size-16"
          >
            <ul
              className="govuk-list item-list--bulleted"
            >
              <li>
                2 indicators
              </li>
              <li>
                Quick turnaround freight (under 24 hours)
              </li>
              <li>
                Quick turnaround tourist (under 24 hours)
              </li>
            </ul>
          </li>
        </ul>
      </div>
    </div>
    <div
      className="govuk-grid-item task-link-container"
    >
      <div>
        <a
          className="govuk-link govuk-link--no-visited-state govuk-!-font-weight-bold"
          href="/tasks/DEV-20220415-001"
        >
          View details
        </a>
      </div>
    </div>
  </div>
</section>
`;

exports[`TaskListSectionBuilder should render the second section 1`] = `
<section
  className="task-list--item-2"
>
  <div>
    <div
      className="govuk-grid-row grid-background--greyed"
    >
      <div
        className="govuk-grid-column-one-quarter govuk-!-padding-left-9"
      >
        <i
          className="icon-position--left c-icon-person"
        />
        <p
          className="govuk-body-s content-line-one govuk-!-margin-bottom-0 govuk-!-padding-left-1"
        >
          Single passenger
        </p>
        <span
          className="govuk-body-s govuk-!-margin-bottom-0 govuk-!-font-weight-bold govuk-!-padding-left-1"
        >
          <span
            className="govuk-font-weight-bold"
          >
            Passenger
             
            <span
              className="govuk-body govuk-tag govuk-tag--departureConfirmed"
            >
              DC
            </span>
          </span>
        </span>
      </div>
      <div
        className="govuk-grid-column-three-quarters govuk-!-padding-right-7 align-right"
      >
        <i
          className="c-icon-aircraft"
        />
        <p
          className="content-line-one govuk-!-padding-right-2"
        >
          British Airways, flight BA103, 
        arrival Unknown
        </p>
        <p
          className="govuk-body-s content-line-two govuk-!-padding-right-2"
        >
          <span
            className="govuk-!-font-weight-bold"
          >
            BA103
          </span>
          <span
            className="dot"
          />
          7 Aug 2020 at 18:15 (TBC)
          <span
            className="dot"
          />
          <span
            className="govuk-!-font-weight-bold"
          >
            FRA
          </span>
           →
          <span
            className="govuk-!-font-weight-bold"
          >
             
            LHR
          </span>
          <span
            className="dot"
          />
          Unknown
        </p>
      </div>
    </div>
  </div>
</section>
`;

exports[`TaskListSectionBuilder should render the third section 1`] = `
<section
  className="task-list--item-3"
>
  <div
    className="govuk-grid-row"
  >
    <div
      className="govuk-grid-item"
    >
      <div>
        <h3
          className="govuk-heading-s govuk-!-margin-bottom-1 govuk-!-font-size-16 govuk-!-font-weight-regular secondary-text"
        >
          Passenger
        </h3>
        <ul
          className="govuk-body-s govuk-list govuk-!-margin-bottom-0"
        >
          <li
            className="govuk-!-font-weight-bold"
          >
            FORD
            , 
          </li>
          <li
            className="govuk-!-font-weight-regular"
          >
            Isaiah
          </li>
        </ul>
        <ul
          className="govuk-body-s govuk-list govuk-!-margin-bottom-0"
        >
          <li
            className="govuk-!-font-weight-regular"
          >
            Male
            , 
          </li>
          <li
            className="govuk-!-font-weight-regular"
          >
            13 May 1966
            , 
          </li>
          <li
            className="govuk-!-font-weight-regular"
          >
            GBR
          </li>
        </ul>
        <ul
          className="govuk-body-s govuk-list govuk-!-margin-bottom-0 secondary-text"
        >
          <li
            className="govuk-!-font-weight-regular"
          >
            1 checked bag(s)
            , 
          </li>
          <li
            className="govuk-!-font-weight-regular"
          >
            1kg
             
          </li>
        </ul>
        <ul
          className="govuk-body-s govuk-list govuk-!-margin-bottom-0 secondary-text"
        >
          <li
            className="govuk-!-font-weight-regular"
          >
            Check-in Unknown
            , 
          </li>
          <li
            className="govuk-!-font-weight-regular"
          >
            seat Unknown
             
          </li>
        </ul>
      </div>
    </div>
    <div
      className="govuk-grid-item verticel-dotted-line"
    >
      <div>
        <h3
          className="govuk-heading-s govuk-!-margin-bottom-1 govuk-!-font-size-16 govuk-!-font-weight-regular secondary-text"
        >
          Document
        </h3>
        <ul
          className="govuk-body-s govuk-list govuk-!-margin-bottom-0"
        >
          <li
            className="govuk-!-font-weight-bold"
          >
            Unknown
             (
            GBR
            )
          </li>
        </ul>
        <ul
          className="govuk-body-s govuk-list govuk-!-margin-bottom-0 secondary-text"
        >
          <li
            className="govuk-!-font-weight-regular"
          >
            Valid from Unknown
          </li>
        </ul>
        <ul
          className="govuk-body-s govuk-list govuk-!-margin-bottom-0 secondary-text"
        >
          <li
            className="govuk-!-font-weight-regular"
          >
            Expires Unknown
          </li>
        </ul>
        <ul
          className="govuk-body-s govuk-list govuk-!-margin-bottom-0 secondary-text"
        >
          <li
            className="govuk-!-font-weight-regular"
          >
            Issued by Unknown
          </li>
        </ul>
      </div>
    </div>
    <div
      className="govuk-grid-item verticel-dotted-line"
    >
      <h3
        className="govuk-heading-s govuk-!-margin-bottom-1 govuk-!-font-size-16 govuk-!-font-weight-regular secondary-text"
      >
        Booking
      </h3>
      <ul
        className="govuk-body-s govuk-list govuk-!-margin-bottom-0"
      >
        <li
          className="govuk-!-font-weight-bold"
        >
          Unknown
        </li>
      </ul>
      <ul
        className="govuk-body-s govuk-list govuk-!-margin-bottom-0"
      >
        <li
          className="govuk-!-font-weight-regular"
        >
          Unknown
        </li>
      </ul>
      <ul
        className="govuk-body-s govuk-list govuk-!-margin-bottom-0 secondary-text"
      >
        <li
          className="govuk-!-font-weight-regular"
        >
          Unknown
        </li>
      </ul>
    </div>
    <div
      className="govuk-grid-item verticel-dotted-line"
    >
      <h3
        className="govuk-heading-s govuk-!-margin-bottom-1 govuk-!-font-size-16 govuk-!-font-weight-regular secondary-text"
      >
        Co-travellers
      </h3>
      <ul
        className="govuk-body-s govuk-list govuk-!-margin-bottom-0"
      >
        <li
          className="govuk-!-font-weight-bold"
        >
          None
        </li>
      </ul>
      <h3
        className="govuk-heading-s govuk-!-margin-bottom-1 govuk-!-font-size-16 govuk-!-font-weight-regular secondary-text"
      >
        Route
      </h3>
      <ul
        className="govuk-body-s govuk-list govuk-!-margin-bottom-0"
      >
        <li
          className="govuk-!-font-weight-regular"
        >
          <span>
            FRA
             
            →
             
          </span>
          <span>
            LHR
             
             
          </span>
        </li>
      </ul>
    </div>
  </div>
</section>
`;
