// Jest Snapshot v1, https://goo.gl/fbAQLP

exports[`Voyage should render the component without crashing 1`] = `
<div
  className="task-details-container bottom-border-thin govuk-!-margin-bottom-2"
>
  <h3
    className="govuk-heading-m govuk-!-margin-top-0"
  >
    Voyage
  </h3>
  <div
    className="govuk-task-details-grid-column"
  >
    <div
      className="govuk-!-margin-bottom-2"
    >
      <p
        className="govuk-!-margin-bottom-0 font__light"
      >
        Departure from
      </p>
      <p
        className="govuk-!-margin-bottom-0 font__bold"
      >
        YYC
      </p>
      <p
        className="govuk-!-margin-bottom-0 font__light"
      >
        Calgary, Canada
      </p>
    </div>
    <div
      className="govuk-!-margin-bottom-2"
    >
      <p
        className="govuk-!-margin-bottom-0 font__light"
      >
        Departure time
      </p>
      <p
        className="govuk-!-margin-bottom-0 font__bold"
      >
        Wed 3 Oct 2018 at 18:32
      </p>
    </div>
    <div
      className="govuk-!-margin-bottom-2"
    >
      <p
        className="govuk-!-margin-bottom-0 font__light"
      >
        Arrival at
      </p>
      <p
        className="govuk-!-margin-bottom-0 font__bold"
      >
        LHR
      </p>
      <p
        className="govuk-!-margin-bottom-0 font__light"
      >
        London, United Kingdom
      </p>
    </div>
    <div
      className="govuk-!-margin-bottom-2"
    >
      <p
        className="govuk-!-margin-bottom-0 font__light"
      >
        Arrival time
      </p>
      <p
        className="govuk-!-margin-bottom-0 font__bold"
      >
        Wed 3 Oct 2018 at 21:19
      </p>
    </div>
    <div
      className="govuk-!-margin-bottom-2"
    >
      <p
        className="govuk-!-margin-bottom-0 font__light"
      >
        Scheduled flight time
      </p>
      <p
        className="govuk-!-margin-bottom-0 font__bold"
      >
        2h 46m
      </p>
    </div>
    <div
      className="govuk-!-margin-bottom-2"
    >
      <p
        className="govuk-!-margin-bottom-0 font__light"
      >
        Flight code
      </p>
      <p
        className="govuk-!-margin-bottom-0 font__bold"
      >
        AC0850
      </p>
    </div>
    <div
      className="govuk-!-margin-bottom-2"
    >
      <p
        className="govuk-!-margin-bottom-0 font__light"
      >
        Operator
      </p>
      <p
        className="govuk-!-margin-bottom-0 font__bold"
      >
        Unknown
      </p>
    </div>
  </div>
</div>
`;
