// Jest Snapshot v1, https://goo.gl/fbAQLP

exports[`MovementUtil should render the departure status and details if present 1`] = `
Array [
  <span>
    Departure confirmed
     
  </span>,
  <strong
    className="hods-tag  airpax-status airpax-status__green"
  >
    DC
  </strong>,
]
`;

exports[`MovementUtil should render the departure status if present 1`] = `
<strong
  className="hods-tag  airpax-status airpax-status__green"
>
  DC
</strong>
`;
